[2026-08-23T01:55:54] 启动 mode=verify, iterations=8, seed=2025
[2026-08-23T01:55:56] 完成，总时长 21.9879852710 s
[2026-08-23T01:56:11] 启动 mode=optimize, iterations=8, seed=2025
[2026-08-23T01:56:36] FY2->M2 快速并集 10.647642 -> 10.712575 s
[2026-08-23T01:57:07] 启动 mode=optimize, iterations=8, seed=2025
[2026-08-23T01:57:07] 从 q5_best.json 恢复已有策略
[2026-08-23T01:57:18] FY2->M2 快速并集 10.712575 -> 10.712672 s
[2026-08-23T01:58:10] 启动 mode=optimize, iterations=8, seed=2025
[2026-08-23T01:58:10] 从 q5_best.json 恢复已有策略
[2026-08-23T01:58:20] FY2->M2 快速并集 10.712672 -> 10.712672 s
[2026-08-23T01:58:37] FY3->M2 快速并集 10.712672 -> 10.712672 s
[2026-08-23T01:58:40] FY4->M2 快速并集 10.712672 -> 10.712672 s
[2026-08-23T01:58:45] FY5->M3 快速并集 3.721603 -> 3.721603 s
[2026-08-23T01:58:51] 完成，总时长 22.0530828833 s
[2026-08-23T01:59:31] 启动 mode=optimize, iterations=8, seed=2025
[2026-08-23T01:59:53] FY2->M2 快速并集 10.647642 -> 10.699801 s
[2026-08-23T02:00:24] 完成，总时长 22.0402012513 s
[2026-08-23T02:00:50] 启动 mode=verify, iterations=8, seed=2025
[2026-08-23T02:00:56] 完成，总时长 22.0530828861 s
[2026-08-23T02:03:30] 启动 mode=verify, iterations=8, seed=2025
[2026-08-23T02:03:50] 完成，总时长 22.0530828861 s
[2026-08-23T02:05:54] 启动 mode=verify, iterations=8, seed=2025
[2026-08-23T02:06:15] 完成，总时长 22.0530828861 s
[2026-08-23T02:10:27] 启动 mode=verify, iterations=8, seed=2025
[2026-08-23T02:10:46] 完成，总时长 22.0530828861 s
