{
  "config": {
    "rho_kg_m3": 1800.0,
    "cp_J_kgK": 1500.0,
    "Us_W_m2K": 3.2,
    "keff_W_mK": 95.0,
    "seeds": [
      202604,
      202605,
      202606
    ],
    "optimization_dt_s": 60,
    "verification_dt_s": 10
  },
  "result": {
    "status": "infeasible",
    "conclusion": "即使V=220 m3、无散热且允许消耗80%初始显热，可供能量仍小于需求，尺寸-控制原问题可行域为空。",
    "demand_energy_MWh": 81.5,
    "max_initial_usable_energy_MWh": 31.35,
    "max_deliverable_with_20pct_terminal_MWh": 25.080000000000002,
    "minimum_energy_deficit_MWh": 56.42,
    "diagnostic_geometry": {
      "R_m": 3.2715051187674353,
      "H_m": 6.543010237534873,
      "V_m3": 220.0,
      "surface_m2": 201.7420043801307,
      "total_mass_kg": 396000.0,
      "K_W_K": 2440.962406234029,
      "UA_W_K": [
        193.67232420492545,
        86.07658853552245,
        86.07658853552245,
        86.07658853552245,
        193.67232420492545
      ],
      "minT_C": 288.92687038832486,
      "terminal_ratio": -0.0035171899161482068,
      "tracking_RMSE_MW": 16.121722072860045
    },
    "verification_dt_s": 10
  },
  "runs": [
    {
      "algorithm": "嵌套网格+内层控制",
      "seed": "deterministic",
      "R_m": 2.0,
      "H_m": 5.0,
      "volume_m3": 62.83185307179586,
      "surface_m2": 87.96459430051421,
      "rmse_MW": 20.771877782574276,
      "minT_C": 289.5032785651257,
      "terminal_ratio": -0.0015720008735823547,
      "violation": 210.69829343574787,
      "runtime_s": 4.0615716
    },
    {
      "algorithm": "差分进化-嵌套控制",
      "seed": 202604,
      "R_m": 2.0016266519106263,
      "H_m": 5.002761371974512,
      "volume_m3": 62.968857080958685,
      "surface_m2": 88.09132457065387,
      "rmse_MW": 20.769527224134332,
      "minT_C": 289.5025637696781,
      "terminal_ratio": -0.001574266786461689,
      "violation": 210.69901049710836,
      "runtime_s": 3.4665524000000003
    },
    {
      "algorithm": "全局搜索+局部精修",
      "seed": 202604,
      "R_m": 2.0012946994885787,
      "H_m": 5.000000006563118,
      "volume_m3": 62.91322785283839,
      "surface_m2": 88.03781844644588,
      "rmse_MW": 20.77047803556307,
      "minT_C": 289.5028655680337,
      "terminal_ratio": -0.001573311966516078,
      "violation": 210.6987077439328,
      "runtime_s": 0.8723084000000014
    },
    {
      "algorithm": "差分进化-嵌套控制",
      "seed": 202605,
      "R_m": 2.0003396130969877,
      "H_m": 5.0044496863890355,
      "volume_m3": 62.90912880355647,
      "surface_m2": 88.03972559664297,
      "rmse_MW": 20.770557574924688,
      "minT_C": 289.5028547874116,
      "terminal_ratio": -0.0015733409329769935,
      "violation": 210.6987185535214,
      "runtime_s": 3.477099000000001
    },
    {
      "algorithm": "全局搜索+局部精修",
      "seed": 202605,
      "R_m": 2.0000000061001453,
      "H_m": 5.000000039147553,
      "volume_m3": 62.831853947021955,
      "surface_m2": 87.96459513741195,
      "rmse_MW": 20.771877767594464,
      "minT_C": 289.50327856040514,
      "terminal_ratio": -0.0015720008885218224,
      "violation": 210.69829344048338,
      "runtime_s": 0.8055596000000005
    },
    {
      "algorithm": "差分进化-嵌套控制",
      "seed": 202606,
      "R_m": 2.0007262758762874,
      "H_m": 5.0005322230451,
      "volume_m3": 62.88418758685878,
      "surface_m2": 88.01235808872282,
      "rmse_MW": 20.770978553918667,
      "minT_C": 289.50300916597854,
      "terminal_ratio": -0.0015728554732144953,
      "violation": 210.69856368949468,
      "runtime_s": 3.5304522999999985
    },
    {
      "algorithm": "全局搜索+局部精修",
      "seed": 202606,
      "R_m": 2.0006710310757936,
      "H_m": 5.000000001679943,
      "volume_m3": 62.87402229190588,
      "surface_m2": 88.00254306420655,
      "rmse_MW": 20.77115232014774,
      "minT_C": 289.50306452730507,
      "terminal_ratio": -0.0015726803531178073,
      "violation": 210.69850815304804,
      "runtime_s": 0.8770824000000026
    }
  ]
}