FY1 generation=001  fast=4.542887 s  conv=5.035e-06
FY1 generation=002  fast=4.542887 s  conv=6.878e-06
FY1 generation=003  fast=4.542887 s  conv=1.159e-05
FY1 generation=004  fast=4.542887 s  conv=1.380e-05
FY1 generation=005  fast=4.542887 s  conv=1.608e-05
FY1 generation=006  fast=4.542887 s  conv=1.853e-05
FY1 generation=007  fast=4.542887 s  conv=2.107e-05
FY1 generation=008  fast=4.542887 s  conv=2.658e-05
FY1 generation=009  fast=4.542887 s  conv=2.995e-05
FY1 generation=010  fast=4.542887 s  conv=3.749e-05
FY1 generation=011  fast=4.542887 s  conv=4.446e-05
FY1 generation=012  fast=4.542887 s  conv=5.640e-05
FY1 generation=013  fast=4.542887 s  conv=6.587e-05
FY1 generation=014  fast=4.542887 s  conv=8.883e-05
FY1 generation=015  fast=4.542887 s  conv=1.106e-04
FY1 generation=016  fast=4.542887 s  conv=1.109e-04
FY1 generation=017  fast=4.542887 s  conv=1.340e-04
FY1 generation=018  fast=4.542887 s  conv=2.176e-04
FY1 generation=019  fast=4.542887 s  conv=2.340e-04
FY1 generation=020  fast=4.542887 s  conv=2.505e-04
FY1 generation=021  fast=4.542887 s  conv=2.532e-04
FY1 generation=022  fast=4.542887 s  conv=2.520e-04
FY1 generation=023  fast=4.542887 s  conv=3.665e-04
FY1 generation=024  fast=4.542887 s  conv=3.868e-04
FY1 generation=025  fast=4.542887 s  conv=3.841e-04
FY1 generation=026  fast=4.542887 s  conv=4.810e-04
FY1 generation=027  fast=4.542887 s  conv=5.214e-04
FY1 generation=028  fast=4.542887 s  conv=6.549e-04
FY1 generation=029  fast=4.542887 s  conv=6.783e-04
FY1 generation=030  fast=4.542887 s  conv=7.425e-04
FY1 generation=031  fast=4.542887 s  conv=7.801e-04
FY1 generation=032  fast=4.542887 s  conv=7.787e-04
FY1 generation=033  fast=4.542887 s  conv=7.869e-04
FY1 generation=034  fast=4.542887 s  conv=7.913e-04
FY1 generation=035  fast=4.542887 s  conv=7.900e-04
FY2 generation=001  fast=3.869601 s  conv=3.592e-06
FY2 generation=002  fast=3.869601 s  conv=3.592e-06
FY2 generation=003  fast=3.869601 s  conv=3.592e-06
FY2 generation=004  fast=3.869601 s  conv=3.592e-06
FY2 generation=005  fast=3.869601 s  conv=3.592e-06
FY2 generation=006  fast=3.869601 s  conv=4.548e-06
FY2 generation=007  fast=3.869601 s  conv=5.376e-06
FY2 generation=008  fast=3.869601 s  conv=5.376e-06
FY2 generation=009  fast=3.869601 s  conv=5.376e-06
FY2 generation=010  fast=3.869601 s  conv=6.600e-06
FY2 generation=011  fast=3.869601 s  conv=6.600e-06
FY2 generation=012  fast=3.869601 s  conv=8.124e-06
FY2 generation=013  fast=3.869601 s  conv=8.124e-06
FY2 generation=014  fast=3.893422 s  conv=8.057e-06
FY2 generation=015  fast=3.893422 s  conv=8.057e-06
FY2 generation=016  fast=3.893422 s  conv=8.057e-06
FY2 generation=017  fast=3.893422 s  conv=8.057e-06
FY2 generation=018  fast=3.893422 s  conv=8.057e-06
FY2 generation=019  fast=3.893422 s  conv=8.950e-06
FY2 generation=020  fast=3.893422 s  conv=8.950e-06
FY2 generation=021  fast=3.893422 s  conv=8.950e-06
FY2 generation=022  fast=3.893422 s  conv=9.847e-06
FY2 generation=023  fast=3.893422 s  conv=1.019e-05
FY2 generation=024  fast=3.893422 s  conv=1.019e-05
FY2 generation=025  fast=3.893422 s  conv=1.019e-05
FY2 generation=026  fast=3.893422 s  conv=1.019e-05
FY2 generation=027  fast=3.893422 s  conv=1.108e-05
FY2 generation=028  fast=3.893422 s  conv=1.183e-05
FY2 generation=029  fast=3.893422 s  conv=1.260e-05
FY2 generation=030  fast=3.893422 s  conv=1.260e-05
FY2 generation=031  fast=3.893422 s  conv=1.260e-05
FY2 generation=032  fast=3.893422 s  conv=1.260e-05
FY2 generation=033  fast=3.893422 s  conv=1.260e-05
FY2 generation=034  fast=3.893422 s  conv=1.355e-05
FY2 generation=035  fast=3.893422 s  conv=1.355e-05
FY3 generation=001  fast=2.402307 s  conv=3.592e-06
FY3 generation=002  fast=2.402307 s  conv=3.592e-06
FY3 generation=003  fast=2.402307 s  conv=4.711e-06
FY3 generation=004  fast=2.402307 s  conv=4.711e-06
FY3 generation=005  fast=2.402307 s  conv=4.711e-06
FY3 generation=006  fast=2.402307 s  conv=4.711e-06
FY3 generation=007  fast=2.402307 s  conv=4.711e-06
FY3 generation=008  fast=2.402307 s  conv=4.711e-06
FY3 generation=009  fast=2.402307 s  conv=4.711e-06
FY3 generation=010  fast=2.402307 s  conv=4.711e-06
FY3 generation=011  fast=2.402307 s  conv=4.711e-06
FY3 generation=012  fast=2.402307 s  conv=4.711e-06
FY3 generation=013  fast=2.402307 s  conv=4.711e-06
FY3 generation=014  fast=2.402307 s  conv=4.711e-06
FY3 generation=015  fast=2.402307 s  conv=4.711e-06
FY3 generation=016  fast=2.402307 s  conv=5.784e-06
FY3 generation=017  fast=2.402307 s  conv=5.784e-06
FY3 generation=018  fast=2.402307 s  conv=6.965e-06
FY3 generation=019  fast=2.402307 s  conv=6.965e-06
FY3 generation=020  fast=2.402307 s  conv=6.965e-06
FY3 generation=021  fast=2.402307 s  conv=8.940e-06
FY3 generation=022  fast=2.402307 s  conv=8.940e-06
FY3 generation=023  fast=2.402307 s  conv=8.940e-06
FY3 generation=024  fast=2.402307 s  conv=8.940e-06
FY3 generation=025  fast=2.408725 s  conv=9.902e-06
FY3 generation=026  fast=2.408725 s  conv=9.902e-06
FY3 generation=027  fast=2.408725 s  conv=9.902e-06
FY3 generation=028  fast=2.408725 s  conv=1.026e-05
FY3 generation=029  fast=2.408725 s  conv=1.120e-05
FY3 generation=030  fast=2.408725 s  conv=1.120e-05
FY3 generation=031  fast=2.408725 s  conv=1.120e-05
FY3 generation=032  fast=2.408725 s  conv=1.120e-05
FY3 generation=033  fast=2.408725 s  conv=1.216e-05
FY3 generation=034  fast=2.408725 s  conv=1.312e-05
FY3 generation=035  fast=2.519269 s  conv=1.396e-05
=== Q4 严格圆柱判据 ===
FY1: heading=176.643000000 deg, speed=70.000000000, td=0.000000000, tau=2.497050000, te=2.497050000, duration=4.542878827
  投放点: [17800.     0.  1800.]
  起爆点: [1.762551e+04 1.023542e+01 1.769447e+03]
  区间  : [[2.4970772211, 7.039956048]]
FY2: heading=298.358924160 deg, speed=139.739398337, td=6.457245512, tau=4.696824240, te=11.154069752, duration=3.893397913
  投放点: [12428.601609   605.957821  1400.      ]
  起爆点: [12740.354728    28.393201  1291.905226]
  区间  : [[15.1688484086, 19.0622463219]]
FY3: heading=106.194976267 deg, speed=93.749854590, td=28.212156240, tau=5.973317739, te=34.185473978, duration=2.519097213
  投放点: [5262.323156 -460.068422  700.      ]
  起爆点: [5106.135939   77.707501  525.165428]
  区间  : [[37.5663293608, 40.0854265738]]
独立完整遮蔽并集: [[2.4970772211, 7.039956048], [15.1688484086, 19.0622463219], [37.5663293608, 40.0854265738]]
独立完整遮蔽总时长: 10.9553739532 s
JSON : C:\Users\LIUJINTIAN\Documents\大学作业文件\数学建模\Math_Devarajas\准备阶段\25A成果\第4问求解\q4_runs\q4_best.json
Excel: C:\Users\LIUJINTIAN\Documents\大学作业文件\数学建模\Math_Devarajas\准备阶段\25A成果\第4问求解\result2.xlsx
